I did origin2


admin@DESKTOP-36KIEPM MINGW64 ~/Desktop/tempVirtualAssemblyLine/polymer-3-first-element (master)
$ ls
README.md  icon-toggle-finished/  index.html     package-lock.json  polymer.json
demo/      icon-toggle.js         node_modules/  package.json

admin@DESKTOP-36KIEPM MINGW64 ~/Desktop/tempVirtualAssemblyLine/polymer-3-first-element (master)
$ git init
Reinitialized existing Git repository in C:/Users/admin/Desktop/tempVirtualAssemblyLine/polymer-3-first-element/.git/

admin@DESKTOP-36KIEPM MINGW64 ~/Desktop/tempVirtualAssemblyLine/polymer-3-first-element (master)
$ git add .

admin@DESKTOP-36KIEPM MINGW64 ~/Desktop/tempVirtualAssemblyLine/polymer-3-first-element (master)
$ git remote add origin https://github.com/Aaryan-5ingh/polymer3_basic_1.git
error: remote origin already exists.

admin@DESKTOP-36KIEPM MINGW64 ~/Desktop/tempVirtualAssemblyLine/polymer-3-first-element (master)
$ git remote add origin2 https://github.com/Aaryan-5ingh/polymer3_basic_1.git

admin@DESKTOP-36KIEPM MINGW64 ~/Desktop/tempVirtualAssemblyLine/polymer-3-first-element (master)
$ git commit -am "simple change in icon-sth.js file"
Author identity unknown

*** Please tell me who you are.

Run

  git config --global user.email "you@example.com"
  git config --global user.name "Your Name"

to set your account's default identity.
Omit --global to set the identity only in this repository.

fatal: unable to auto-detect email address (got 'admin@DESKTOP-36KIEPM.(none)')

admin@DESKTOP-36KIEPM MINGW64 ~/Desktop/tempVirtualAssemblyLine/polymer-3-first-element (master)
$ git config --global user.email aaryan.7singh449@gmail.com

admin@DESKTOP-36KIEPM MINGW64 ~/Desktop/tempVirtualAssemblyLine/polymer-3-first-element (master)
$ git config --global user.name "Aaryan Singh"

admin@DESKTOP-36KIEPM MINGW64 ~/Desktop/tempVirtualAssemblyLine/polymer-3-first-element (master)
$ git commit -am "simple change in icon-sth.js file"
[master e82b34e] simple change in icon-sth.js file
 1 file changed, 1 insertion(+), 1 deletion(-)

admin@DESKTOP-36KIEPM MINGW64 ~/Desktop/tempVirtualAssemblyLine/polymer-3-first-element (master)
$ git push origin2 master
Enumerating objects: 511, done.
Counting objects: 100% (511/511), done.
Delta compression using up to 4 threads
Compressing objects: 100% (346/346), done.
Writing objects: 100% (511/511), 1.41 MiB | 1.19 MiB/s, done.
Total 511 (delta 138), reused 508 (delta 137), pack-reused 0
remote: Resolving deltas: 100% (138/138), done.
To https://github.com/Aaryan-5ingh/polymer3_basic_1.git
 * [new branch]      master -> master
